[sites.google.com/view/est-co/home.html]
[backblue.gif]
[fade.gif]
[index.html]
[ssl.gstatic.com/atari/images/label-maker-header-cropped.jpg]
[apis.google.com/js/clientc932.js]
[sites.google.com/view/est-co/projects.html]
[sites.google.com/view/est-co/sterilisation.html]
[sites.google.com/view/est-co/population-control.html]
[sites.google.com/view/est-co/steam-controller.html]
[sites.google.com/view/est-co/noah.html]
[sites.google.com/view/est-co/cbt.html]
[sites.google.com/view/est-co/contact.html]
[sites.google.com/view/est-co/home.html]
[sites.google.com/view/est-co/projects.html]
[sites.google.com/view/est-co/sterilisation.html]
[sites.google.com/view/est-co/population-control.html]
[sites.google.com/view/est-co/steam-controller.html]
[sites.google.com/view/est-co/noah.html]
[sites.google.com/view/est-co/cbt.html]
[sites.google.com/view/est-co/contact.html]
[sites.google.com/view/est-co/support.html]
[sites.google.com/view/est-co/_https_/ptb.discord.com/widget.b466f.delayed]
[sites.google.com/view/est-co/support.html]
[sites.google.com/view/est-co/_https_/ptb.discord.com/widget466f.html]
